> Task :app:preBuild UP-TO-DATE
> Task :app:preDebugBuild UP-TO-DATE
> Task :app:mergeDebugNativeDebugMetadata NO-SOURCE
> Task :app:checkKotlinGradlePluginConfigurationErrors SKIPPED
> Task :app:generateDebugBuildConfig UP-TO-DATE
> Task :app:checkDebugAarMetadata UP-TO-DATE
> Task :app:processDebugNavigationResources UP-TO-DATE
> Task :app:compileDebugNavigationResources UP-TO-DATE
> Task :app:generateDebugResValues UP-TO-DATE
> Task :app:injectCrashlyticsMappingFileIdDebug UP-TO-DATE
> Task :app:processDebugGoogleServices UP-TO-DATE
> Task :app:mapDebugSourceSetPaths UP-TO-DATE
> Task :app:generateDebugResources UP-TO-DATE
> Task :app:mergeDebugResources UP-TO-DATE
> Task :app:packageDebugResources UP-TO-DATE
> Task :app:parseDebugLocalResources UP-TO-DATE
> Task :app:createDebugCompatibleScreenManifests UP-TO-DATE
> Task :app:extractDeepLinksDebug UP-TO-DATE
> Task :app:processDebugMainManifest UP-TO-DATE
> Task :app:processDebugManifest UP-TO-DATE
> Task :app:processDebugManifestForPackage UP-TO-DATE
> Task :app:processDebugResources UP-TO-DATE
> Task :app:kspDebugKotlin UP-TO-DATE
> Task :app:javaPreCompileDebug UP-TO-DATE
> Task :app:mergeDebugShaders UP-TO-DATE
> Task :app:compileDebugShaders NO-SOURCE
> Task :app:generateDebugAssets UP-TO-DATE
> Task :app:mergeDebugAssets UP-TO-DATE
> Task :app:compressDebugAssets UP-TO-DATE
> Task :app:checkDebugDuplicateClasses UP-TO-DATE
> Task :app:desugarDebugFileDependencies UP-TO-DATE
> Task :app:mergeExtDexDebug UP-TO-DATE
> Task :app:mergeLibDexDebug UP-TO-DATE
> Task :app:mergeDebugJniLibFolders UP-TO-DATE
> Task :app:mergeDebugNativeLibs UP-TO-DATE
> Task :app:stripDebugDebugSymbols UP-TO-DATE
> Task :app:validateSigningDebug UP-TO-DATE
> Task :app:writeDebugAppMetadata UP-TO-DATE
> Task :app:writeDebugSigningConfigVersions UP-TO-DATE
> Task :app:compileDebugKotlin
e: file:///home/daffarizky/Project%20Halalytics/HalalyticsCompose/app/src/main/java/com/example/halalyticscompose/ui/components/RecentProductsSection.kt:115:25 Unresolved reference 'brand'.
e: file:///home/daffarizky/Project%20Halalytics/HalalyticsCompose/app/src/main/java/com/example/halalyticscompose/ui/components/RecentProductsSection.kt:115:32 Cannot infer type for this parameter. Please specify it explicitly.
e: file:///home/daffarizky/Project%20Halalytics/HalalyticsCompose/app/src/main/java/com/example/halalyticscompose/ui/components/RecentProductsSection.kt:115:38 Cannot infer type for this parameter. Please specify it explicitly.
e: file:///home/daffarizky/Project%20Halalytics/HalalyticsCompose/app/src/main/java/com/example/halalyticscompose/ui/components/RecentProductsSection.kt:118:47 @Composable invocations can only happen from the context of a @Composable function
e: file:///home/daffarizky/Project%20Halalytics/HalalyticsCompose/app/src/main/java/com/example/halalyticscompose/ui/components/RecentProductsSection.kt:119:33 @Composable invocations can only happen from the context of a @Composable function
e: file:///home/daffarizky/Project%20Halalytics/HalalyticsCompose/app/src/main/java/com/example/halalyticscompose/ui/screens/AddMedicineReminderScreen.kt:106:41 @Composable invocations can only happen from the context of a @Composable function
e: file:///home/daffarizky/Project%20Halalytics/HalalyticsCompose/app/src/main/java/com/example/halalyticscompose/ui/screens/AdminNotificationScreen.kt:21:44 Unresolved reference 'formatTimestamp'.
e: file:///home/daffarizky/Project%20Halalytics/HalalyticsCompose/app/src/main/java/com/example/halalyticscompose/ui/screens/FoodAnalysisScreen.kt:48:19 Unresolved reference 'setAuthToken'.
e: file:///home/daffarizky/Project%20Halalytics/HalalyticsCompose/app/src/main/java/com/example/halalyticscompose/ui/screens/HealthMonitorScreen.kt:52:16 Cannot infer type for this parameter. Please specify it explicitly.
e: file:///home/daffarizky/Project%20Halalytics/HalalyticsCompose/app/src/main/java/com/example/halalyticscompose/ui/screens/HealthMonitorScreen.kt:52:16 Property delegate must have a 'getValue(Nothing?, KProperty0<ERROR CLASS: Cannot infer argument for type parameter T>)' method. None of the following functions is applicable:
fun <T> State<T>.getValue(thisObj: Any?, property: KProperty<*>): T
e: file:///home/daffarizky/Project%20Halalytics/HalalyticsCompose/app/src/main/java/com/example/halalyticscompose/ui/screens/HealthMonitorScreen.kt:52:26 Unresolved reference 'bmi'.
e: file:///home/daffarizky/Project%20Halalytics/HalalyticsCompose/app/src/main/java/com/example/halalyticscompose/ui/screens/HealthMonitorScreen.kt:52:30 Cannot infer type for this parameter. Please specify it explicitly.
e: file:///home/daffarizky/Project%20Halalytics/HalalyticsCompose/app/src/main/java/com/example/halalyticscompose/ui/screens/HealthMonitorScreen.kt:53:24 Cannot infer type for this parameter. Please specify it explicitly.
e: file:///home/daffarizky/Project%20Halalytics/HalalyticsCompose/app/src/main/java/com/example/halalyticscompose/ui/screens/HealthMonitorScreen.kt:53:24 Property delegate must have a 'getValue(Nothing?, KProperty0<ERROR CLASS: Cannot infer argument for type parameter T>)' method. None of the following functions is applicable:
fun <T> State<T>.getValue(thisObj: Any?, property: KProperty<*>): T
e: file:///home/daffarizky/Project%20Halalytics/HalalyticsCompose/app/src/main/java/com/example/halalyticscompose/ui/screens/HealthMonitorScreen.kt:53:34 Unresolved reference 'dailyIntake'.
e: file:///home/daffarizky/Project%20Halalytics/HalalyticsCompose/app/src/main/java/com/example/halalyticscompose/ui/screens/HealthMonitorScreen.kt:53:46 Cannot infer type for this parameter. Please specify it explicitly.
e: file:///home/daffarizky/Project%20Halalytics/HalalyticsCompose/app/src/main/java/com/example/halalyticscompose/ui/screens/HealthMonitorScreen.kt:58:34 Unresolved reference 'dailyIntake'.
e: file:///home/daffarizky/Project%20Halalytics/HalalyticsCompose/app/src/main/java/com/example/halalyticscompose/ui/screens/HealthMonitorScreen.kt:59:35 Unresolved reference 'targets'.
e: file:///home/daffarizky/Project%20Halalytics/HalalyticsCompose/app/src/main/java/com/example/halalyticscompose/ui/screens/HealthMonitorScreen.kt:63:61 Unresolved reference 'progress'.
e: file:///home/daffarizky/Project%20Halalytics/HalalyticsCompose/app/src/main/java/com/example/halalyticscompose/ui/screens/HealthSuiteHubScreen.kt:259:38 Unresolved reference 'OutlinedTextFieldDefaults'.
e: file:///home/daffarizky/Project%20Halalytics/HalalyticsCompose/app/src/main/java/com/example/halalyticscompose/ui/screens/HomeScreen.kt:383:17 @Composable invocations can only happen from the context of a @Composable function
e: file:///home/daffarizky/Project%20Halalytics/HalalyticsCompose/app/src/main/java/com/example/halalyticscompose/ui/screens/HomeScreen.kt:384:17 @Composable invocations can only happen from the context of a @Composable function
e: file:///home/daffarizky/Project%20Halalytics/HalalyticsCompose/app/src/main/java/com/example/halalyticscompose/ui/screens/HomeScreen.kt:385:17 @Composable invocations can only happen from the context of a @Composable function
e: file:///home/daffarizky/Project%20Halalytics/HalalyticsCompose/app/src/main/java/com/example/halalyticscompose/ui/screens/HomeScreen.kt:386:17 @Composable invocations can only happen from the context of a @Composable function
e: file:///home/daffarizky/Project%20Halalytics/HalalyticsCompose/app/src/main/java/com/example/halalyticscompose/ui/screens/ProductDetailScreen.kt:65:19 Unresolved reference 'initRepository'.
e: file:///home/daffarizky/Project%20Halalytics/HalalyticsCompose/app/src/main/java/com/example/halalyticscompose/ui/screens/ProductDetailScreen.kt:66:16 Cannot infer type for this parameter. Please specify it explicitly.
e: file:///home/daffarizky/Project%20Halalytics/HalalyticsCompose/app/src/main/java/com/example/halalyticscompose/ui/screens/ProductDetailScreen.kt:66:20 Cannot infer type for this parameter. Please specify it explicitly.
e: file:///home/daffarizky/Project%20Halalytics/HalalyticsCompose/app/src/main/java/com/example/halalyticscompose/ui/screens/ProductDetailScreen.kt:66:32 Unresolved reference 'setToken'.
e: file:///home/daffarizky/Project%20Halalytics/HalalyticsCompose/app/src/main/java/com/example/halalyticscompose/ui/screens/ProductDetailScreen.kt:103:43 Unresolved reference 'cacheScanResult'.
e: file:///home/daffarizky/Project%20Halalytics/HalalyticsCompose/app/src/main/java/com/example/halalyticscompose/ui/screens/ProductDetailScreen.kt:110:43 Unresolved reference 'addScanToHistory'.
e: file:///home/daffarizky/Project%20Halalytics/HalalyticsCompose/app/src/main/java/com/example/halalyticscompose/ui/screens/ProductDetailScreen.kt:130:43 Unresolved reference 'toggleFavorite'.
e: file:///home/daffarizky/Project%20Halalytics/HalalyticsCompose/app/src/main/java/com/example/halalyticscompose/ui/screens/ProductDetailScreen.kt:236:29 Cannot infer type for this parameter. Please specify it explicitly.
e: file:///home/daffarizky/Project%20Halalytics/HalalyticsCompose/app/src/main/java/com/example/halalyticscompose/ui/screens/ProductDetailScreen.kt:236:29 Property delegate must have a 'getValue(Nothing?, KProperty0<ERROR CLASS: Cannot infer argument for type parameter T>)' method. None of the following functions is applicable:
fun <T> State<T>.getValue(thisObj: Any?, property: KProperty<*>): T
e: file:///home/daffarizky/Project%20Halalytics/HalalyticsCompose/app/src/main/java/com/example/halalyticscompose/ui/screens/ProductDetailScreen.kt:236:43 Unresolved reference 'currentHealthAllergies'.
e: file:///home/daffarizky/Project%20Halalytics/HalalyticsCompose/app/src/main/java/com/example/halalyticscompose/ui/screens/ProductDetailScreen.kt:236:66 Cannot infer type for this parameter. Please specify it explicitly.
e: file:///home/daffarizky/Project%20Halalytics/HalalyticsCompose/app/src/main/java/com/example/halalyticscompose/ui/screens/ProductDetailScreen.kt:237:30 Cannot infer type for this parameter. Please specify it explicitly.
e: file:///home/daffarizky/Project%20Halalytics/HalalyticsCompose/app/src/main/java/com/example/halalyticscompose/ui/screens/ProductDetailScreen.kt:237:30 Property delegate must have a 'getValue(Nothing?, KProperty0<ERROR CLASS: Cannot infer argument for type parameter T>)' method. None of the following functions is applicable:
fun <T> State<T>.getValue(thisObj: Any?, property: KProperty<*>): T
e: file:///home/daffarizky/Project%20Halalytics/HalalyticsCompose/app/src/main/java/com/example/halalyticscompose/ui/screens/ProductDetailScreen.kt:237:44 Unresolved reference 'currentHealthName'.
e: file:///home/daffarizky/Project%20Halalytics/HalalyticsCompose/app/src/main/java/com/example/halalyticscompose/ui/screens/ProductDetailScreen.kt:237:62 Cannot infer type for this parameter. Please specify it explicitly.
e: file:///home/daffarizky/Project%20Halalytics/HalalyticsCompose/app/src/main/java/com/example/halalyticscompose/ui/screens/ProductDetailScreen.kt:238:28 Cannot infer type for this parameter. Please specify it explicitly.
e: file:///home/daffarizky/Project%20Halalytics/HalalyticsCompose/app/src/main/java/com/example/halalyticscompose/ui/screens/ProductDetailScreen.kt:238:28 Property delegate must have a 'getValue(Nothing?, KProperty0<ERROR CLASS: Cannot infer argument for type parameter T>)' method. None of the following functions is applicable:
fun <T> State<T>.getValue(thisObj: Any?, property: KProperty<*>): T
e: file:///home/daffarizky/Project%20Halalytics/HalalyticsCompose/app/src/main/java/com/example/halalyticscompose/ui/screens/ProductDetailScreen.kt:238:42 Unresolved reference 'recommendations'.
e: file:///home/daffarizky/Project%20Halalytics/HalalyticsCompose/app/src/main/java/com/example/halalyticscompose/ui/screens/ProductDetailScreen.kt:238:58 Cannot infer type for this parameter. Please specify it explicitly.
e: file:///home/daffarizky/Project%20Halalytics/HalalyticsCompose/app/src/main/java/com/example/halalyticscompose/ui/screens/ProductDetailScreen.kt:482:38 Unresolved reference 'data'.
e: file:///home/daffarizky/Project%20Halalytics/HalalyticsCompose/app/src/main/java/com/example/halalyticscompose/ui/screens/ProductDetailScreen.kt:503:50 Unresolved reference 'brand'.
e: file:///home/daffarizky/Project%20Halalytics/HalalyticsCompose/app/src/main/java/com/example/halalyticscompose/ui/screens/ProductDetailScreen.kt:503:71 Unresolved reference 'manufacturer'.
e: file:///home/daffarizky/Project%20Halalytics/HalalyticsCompose/app/src/main/java/com/example/halalyticscompose/ui/screens/ProductDetailScreen.kt:504:50 Unresolved reference 'name'.
e: file:///home/daffarizky/Project%20Halalytics/HalalyticsCompose/app/src/main/java/com/example/halalyticscompose/ui/screens/ProductDetailScreen.kt:506:50 Unresolved reference 'reason_it_is_better'.
e: file:///home/daffarizky/Project%20Halalytics/HalalyticsCompose/app/src/main/java/com/example/halalyticscompose/ui/screens/ProductExternalDetailScreen.kt:166:39 Unresolved reference 'addScanToHistory'.
e: file:///home/daffarizky/Project%20Halalytics/HalalyticsCompose/app/src/main/java/com/example/halalyticscompose/ui/screens/ProfileScreen.kt:161:141 Unresolved reference 'd'.
e: file:///home/daffarizky/Project%20Halalytics/HalalyticsCompose/app/src/main/java/com/example/halalyticscompose/ui/screens/ProfileStatusScreen.kt:29:23 Cannot infer type for this parameter. Please specify it explicitly.
e: file:///home/daffarizky/Project%20Halalytics/HalalyticsCompose/app/src/main/java/com/example/halalyticscompose/ui/screens/ProfileStatusScreen.kt:29:23 Property delegate must have a 'getValue(Nothing?, KProperty0<ERROR CLASS: Cannot infer argument for type parameter T>)' method. None of the following functions is applicable:
fun <T> State<T>.getValue(thisObj: Any?, property: KProperty<*>): T
e: file:///home/daffarizky/Project%20Halalytics/HalalyticsCompose/app/src/main/java/com/example/halalyticscompose/ui/screens/ProfileStatusScreen.kt:29:33 Unresolved reference 'totalScans'.
e: file:///home/daffarizky/Project%20Halalytics/HalalyticsCompose/app/src/main/java/com/example/halalyticscompose/ui/screens/ProfileStatusScreen.kt:29:44 Cannot infer type for this parameter. Please specify it explicitly.
e: file:///home/daffarizky/Project%20Halalytics/HalalyticsCompose/app/src/main/java/com/example/halalyticscompose/ui/screens/ProfileStatusScreen.kt:30:26 Cannot infer type for this parameter. Please specify it explicitly.
e: file:///home/daffarizky/Project%20Halalytics/HalalyticsCompose/app/src/main/java/com/example/halalyticscompose/ui/screens/ProfileStatusScreen.kt:30:26 Property delegate must have a 'getValue(Nothing?, KProperty0<ERROR CLASS: Cannot infer argument for type parameter T>)' method. None of the following functions is applicable:
fun <T> State<T>.getValue(thisObj: Any?, property: KProperty<*>): T
e: file:///home/daffarizky/Project%20Halalytics/HalalyticsCompose/app/src/main/java/com/example/halalyticscompose/ui/screens/ProfileStatusScreen.kt:30:36 Unresolved reference 'halalProducts'.
e: file:///home/daffarizky/Project%20Halalytics/HalalyticsCompose/app/src/main/java/com/example/halalyticscompose/ui/screens/ProfileStatusScreen.kt:30:50 Cannot infer type for this parameter. Please specify it explicitly.
e: file:///home/daffarizky/Project%20Halalytics/HalalyticsCompose/app/src/main/java/com/example/halalyticscompose/ui/screens/ProfileStatusScreen.kt:31:26 Cannot infer type for this parameter. Please specify it explicitly.
e: file:///home/daffarizky/Project%20Halalytics/HalalyticsCompose/app/src/main/java/com/example/halalyticscompose/ui/screens/ProfileStatusScreen.kt:31:26 Property delegate must have a 'getValue(Nothing?, KProperty0<ERROR CLASS: Cannot infer argument for type parameter T>)' method. None of the following functions is applicable:
fun <T> State<T>.getValue(thisObj: Any?, property: KProperty<*>): T
e: file:///home/daffarizky/Project%20Halalytics/HalalyticsCompose/app/src/main/java/com/example/halalyticscompose/ui/screens/ProfileStatusScreen.kt:31:36 Unresolved reference 'currentStreak'.
e: file:///home/daffarizky/Project%20Halalytics/HalalyticsCompose/app/src/main/java/com/example/halalyticscompose/ui/screens/ProfileStatusScreen.kt:31:50 Cannot infer type for this parameter. Please specify it explicitly.
e: file:///home/daffarizky/Project%20Halalytics/HalalyticsCompose/app/src/main/java/com/example/halalyticscompose/ui/viewmodel/MainViewModel.kt:192:58 Argument type mismatch: actual type is 'kotlin.collections.Map<K, V>', but 'kotlin.String' was expected.
e: file:///home/daffarizky/Project%20Halalytics/HalalyticsCompose/app/src/main/java/com/example/halalyticscompose/ui/viewmodel/MainViewModel.kt:193:30 Unresolved reference 'isSuccessful'.
e: file:///home/daffarizky/Project%20Halalytics/HalalyticsCompose/app/src/main/java/com/example/halalyticscompose/ui/viewmodel/NutritionViewModel.kt:90:39 'fun parse(mediaType: String): MediaType?' is deprecated. moved to extension function.
e: file:///home/daffarizky/Project%20Halalytics/HalalyticsCompose/app/src/main/java/com/example/halalyticscompose/ui/viewmodel/NutritionViewModel.kt:94:39 'fun parse(mediaType: String): MediaType?' is deprecated. moved to extension function.

> Task :app:compileDebugKotlin FAILED

FAILURE: Build failed with an exception.

* What went wrong:
Execution failed for task ':app:compileDebugKotlin'.
> A failure occurred while executing org.jetbrains.kotlin.compilerRunner.GradleCompilerRunnerWithWorkers$GradleKotlinCompilerWorkAction
   > Compilation error. See log for more details

* Try:
> Run with --stacktrace option to get the stack trace.
> Run with --info or --debug option to get more log output.
> Run with --scan to get full insights.
> Get more help at https://help.gradle.org.

BUILD FAILED in 2m 27s
34 actionable tasks: 1 executed, 33 up-to-date
